test

这是一个测试文件。2018.8.30
一些没有意思的内容。

测试测试。
